Archive member included because of file (symbol)

c:/winavr/bin/../lib/gcc/avr/4.3.3/avr4\libgcc.a(_exit.o)
                              c:/winavr/bin/../lib/gcc/avr/4.3.3/../../../../avr/lib/avr4/crtm8.o (exit)
c:/winavr/bin/../lib/gcc/avr/4.3.3/avr4\libgcc.a(_copy_data.o)
                              TempControl.o (__do_copy_data)
c:/winavr/bin/../lib/gcc/avr/4.3.3/../../../../avr/lib/avr4\libc.a(vsnprintf.o)
                              hd44780.o (vsnprintf)
c:/winavr/bin/../lib/gcc/avr/4.3.3/../../../../avr/lib/avr4\libc.a(vfprintf_std.o)
                              c:/winavr/bin/../lib/gcc/avr/4.3.3/../../../../avr/lib/avr4\libc.a(vsnprintf.o) (vfprintf)
c:/winavr/bin/../lib/gcc/avr/4.3.3/../../../../avr/lib/avr4\libc.a(eerd_byte_atmega8.o)
                              TempControl.o (__eerd_byte_m8)
c:/winavr/bin/../lib/gcc/avr/4.3.3/../../../../avr/lib/avr4\libc.a(eewr_byte_atmega8.o)
                              TempControl.o (__eewr_byte_m8)
c:/winavr/bin/../lib/gcc/avr/4.3.3/../../../../avr/lib/avr4\libc.a(strnlen_P.o)
                              c:/winavr/bin/../lib/gcc/avr/4.3.3/../../../../avr/lib/avr4\libc.a(vfprintf_std.o) (strnlen_P)
c:/winavr/bin/../lib/gcc/avr/4.3.3/../../../../avr/lib/avr4\libc.a(strnlen.o)
                              c:/winavr/bin/../lib/gcc/avr/4.3.3/../../../../avr/lib/avr4\libc.a(vfprintf_std.o) (strnlen)
c:/winavr/bin/../lib/gcc/avr/4.3.3/../../../../avr/lib/avr4\libc.a(fputc.o)
                              c:/winavr/bin/../lib/gcc/avr/4.3.3/../../../../avr/lib/avr4\libc.a(vfprintf_std.o) (fputc)
c:/winavr/bin/../lib/gcc/avr/4.3.3/../../../../avr/lib/avr4\libc.a(ultoa_invert.o)
                              c:/winavr/bin/../lib/gcc/avr/4.3.3/../../../../avr/lib/avr4\libc.a(vfprintf_std.o) (__ultoa_invert)
c:/winavr/bin/../lib/gcc/avr/4.3.3/avr4\libgcc.a(_prologue.o)
                              c:/winavr/bin/../lib/gcc/avr/4.3.3/../../../../avr/lib/avr4\libc.a(vsnprintf.o) (__prologue_saves__)
c:/winavr/bin/../lib/gcc/avr/4.3.3/avr4\libgcc.a(_epilogue.o)
                              c:/winavr/bin/../lib/gcc/avr/4.3.3/../../../../avr/lib/avr4\libc.a(vsnprintf.o) (__epilogue_restores__)

Memory Configuration

Name             Origin             Length             Attributes
text             0x00000000         0x00002000         xr
data             0x00800060         0x0000ffa0         rw !x
eeprom           0x00810000         0x00010000         rw !x
fuse             0x00820000         0x00000400         rw !x
lock             0x00830000         0x00000400         rw !x
signature        0x00840000         0x00000400         rw !x
*default*        0x00000000         0xffffffff

Linker script and memory map

LOAD c:/winavr/bin/../lib/gcc/avr/4.3.3/../../../../avr/lib/avr4/crtm8.o
LOAD TempControl.o
LOAD hd44780.o
LOAD c:/winavr/bin/../lib/gcc/avr/4.3.3/avr4\libgcc.a
LOAD c:/winavr/bin/../lib/gcc/avr/4.3.3/../../../../avr/lib/avr4\libc.a
LOAD c:/winavr/bin/../lib/gcc/avr/4.3.3/avr4\libgcc.a

.hash
 *(.hash)

.dynsym
 *(.dynsym)

.dynstr
 *(.dynstr)

.gnu.version
 *(.gnu.version)

.gnu.version_d
 *(.gnu.version_d)

.gnu.version_r
 *(.gnu.version_r)

.rel.init
 *(.rel.init)

.rela.init
 *(.rela.init)

.rel.text
 *(.rel.text)
 *(.rel.text.*)
 *(.rel.gnu.linkonce.t*)

.rela.text
 *(.rela.text)
 *(.rela.text.*)
 *(.rela.gnu.linkonce.t*)

.rel.fini
 *(.rel.fini)

.rela.fini
 *(.rela.fini)

.rel.rodata
 *(.rel.rodata)
 *(.rel.rodata.*)
 *(.rel.gnu.linkonce.r*)

.rela.rodata
 *(.rela.rodata)
 *(.rela.rodata.*)
 *(.rela.gnu.linkonce.r*)

.rel.data
 *(.rel.data)
 *(.rel.data.*)
 *(.rel.gnu.linkonce.d*)

.rela.data
 *(.rela.data)
 *(.rela.data.*)
 *(.rela.gnu.linkonce.d*)

.rel.ctors
 *(.rel.ctors)

.rela.ctors
 *(.rela.ctors)

.rel.dtors
 *(.rel.dtors)

.rela.dtors
 *(.rela.dtors)

.rel.got
 *(.rel.got)

.rela.got
 *(.rela.got)

.rel.bss
 *(.rel.bss)

.rela.bss
 *(.rela.bss)

.rel.plt
 *(.rel.plt)

.rela.plt
 *(.rela.plt)

.text           0x00000000      0x9f4
 *(.vectors)
 .vectors       0x00000000       0x26 c:/winavr/bin/../lib/gcc/avr/4.3.3/../../../../avr/lib/avr4/crtm8.o
                0x00000000                __vectors
                0x00000000                __vector_default
 *(.vectors)
 *(.progmem.gcc*)
 *(.progmem*)
                0x00000026                . = ALIGN (0x2)
                0x00000026                __trampolines_start = .
 *(.trampolines)
 .trampolines   0x00000026        0x0 linker stubs
 *(.trampolines*)
                0x00000026                __trampolines_end = .
 *(.jumptables)
 *(.jumptables*)
 *(.lowtext)
 *(.lowtext*)
                0x00000026                __ctors_start = .
 *(.ctors)
                0x00000026                __ctors_end = .
                0x00000026                __dtors_start = .
 *(.dtors)
                0x00000026                __dtors_end = .
 SORT(*)(.ctors)
 SORT(*)(.dtors)
 *(.init0)
 .init0         0x00000026        0x0 c:/winavr/bin/../lib/gcc/avr/4.3.3/../../../../avr/lib/avr4/crtm8.o
                0x00000026                __init
 *(.init0)
 *(.init1)
 *(.init1)
 *(.init2)
 .init2         0x00000026        0xc c:/winavr/bin/../lib/gcc/avr/4.3.3/../../../../avr/lib/avr4/crtm8.o
 *(.init2)
 *(.init3)
 *(.init3)
 *(.init4)
 .init4         0x00000032       0x16 c:/winavr/bin/../lib/gcc/avr/4.3.3/avr4\libgcc.a(_copy_data.o)
                0x00000032                __do_copy_data
 *(.init4)
 *(.init5)
 *(.init5)
 *(.init6)
 *(.init6)
 *(.init7)
 *(.init7)
 *(.init8)
 *(.init8)
 *(.init9)
 .init9         0x00000048        0x4 c:/winavr/bin/../lib/gcc/avr/4.3.3/../../../../avr/lib/avr4/crtm8.o
 *(.init9)
 *(.text)
 .text          0x0000004c        0x2 c:/winavr/bin/../lib/gcc/avr/4.3.3/../../../../avr/lib/avr4/crtm8.o
                0x0000004c                __vector_1
                0x0000004c                __vector_12
                0x0000004c                __bad_interrupt
                0x0000004c                __vector_6
                0x0000004c                __vector_3
                0x0000004c                __vector_11
                0x0000004c                __vector_13
                0x0000004c                __vector_17
                0x0000004c                __vector_7
                0x0000004c                __vector_5
                0x0000004c                __vector_4
                0x0000004c                __vector_9
                0x0000004c                __vector_2
                0x0000004c                __vector_15
                0x0000004c                __vector_8
                0x0000004c                __vector_14
                0x0000004c                __vector_10
                0x0000004c                __vector_16
                0x0000004c                __vector_18
 .text          0x0000004e      0x202 TempControl.o
                0x0000008c                setDutyCycle2
                0x00000058                init_PWM
                0x000000bc                init_controller
                0x000000a4                ReadADC
                0x0000004e                init_ADC
                0x00000108                main
                0x0000009a                setDutyCycle3
                0x00000076                clearLEDS
                0x0000007e                setDutyCycle1
 .text          0x00000250      0x1de hd44780.o
                0x000002e8                lcd_putc
                0x000002ee                lcd_puts_P
                0x00000330                lcd_goto
                0x00000324                lcd_home
                0x0000032a                lcd_clrscr
                0x00000308                lcd_puts
                0x00000336                lcd_init
                0x000003de                lcd_puts2
                0x0000031e                lcd_command
 .text          0x0000042e        0x0 c:/winavr/bin/../lib/gcc/avr/4.3.3/avr4\libgcc.a(_exit.o)
 .text          0x0000042e        0x0 c:/winavr/bin/../lib/gcc/avr/4.3.3/avr4\libgcc.a(_copy_data.o)
 .text          0x0000042e        0x0 c:/winavr/bin/../lib/gcc/avr/4.3.3/../../../../avr/lib/avr4\libc.a(vsnprintf.o)
 .text          0x0000042e        0x0 c:/winavr/bin/../lib/gcc/avr/4.3.3/../../../../avr/lib/avr4\libc.a(vfprintf_std.o)
 .text          0x0000042e        0x0 c:/winavr/bin/../lib/gcc/avr/4.3.3/../../../../avr/lib/avr4\libc.a(eerd_byte_atmega8.o)
 .text          0x0000042e        0x0 c:/winavr/bin/../lib/gcc/avr/4.3.3/../../../../avr/lib/avr4\libc.a(eewr_byte_atmega8.o)
 .text          0x0000042e        0x0 c:/winavr/bin/../lib/gcc/avr/4.3.3/../../../../avr/lib/avr4\libc.a(strnlen_P.o)
 .text          0x0000042e        0x0 c:/winavr/bin/../lib/gcc/avr/4.3.3/../../../../avr/lib/avr4\libc.a(strnlen.o)
 .text          0x0000042e        0x0 c:/winavr/bin/../lib/gcc/avr/4.3.3/../../../../avr/lib/avr4\libc.a(fputc.o)
 .text          0x0000042e        0x0 c:/winavr/bin/../lib/gcc/avr/4.3.3/../../../../avr/lib/avr4\libc.a(ultoa_invert.o)
 .text          0x0000042e        0x0 c:/winavr/bin/../lib/gcc/avr/4.3.3/avr4\libgcc.a(_prologue.o)
 .text          0x0000042e        0x0 c:/winavr/bin/../lib/gcc/avr/4.3.3/avr4\libgcc.a(_epilogue.o)
                0x0000042e                . = ALIGN (0x2)
 *(.text.*)
 .text.libgcc   0x0000042e        0x0 c:/winavr/bin/../lib/gcc/avr/4.3.3/avr4\libgcc.a(_exit.o)
 .text.libgcc   0x0000042e        0x0 c:/winavr/bin/../lib/gcc/avr/4.3.3/avr4\libgcc.a(_copy_data.o)
 .text.avr-libc
                0x0000042e       0x4e c:/winavr/bin/../lib/gcc/avr/4.3.3/../../../../avr/lib/avr4\libc.a(vsnprintf.o)
                0x0000042e                vsnprintf
 .text.avr-libc
                0x0000047c      0x39c c:/winavr/bin/../lib/gcc/avr/4.3.3/../../../../avr/lib/avr4\libc.a(vfprintf_std.o)
                0x0000047c                vfprintf
 .text.avr-libc
                0x00000818       0x10 c:/winavr/bin/../lib/gcc/avr/4.3.3/../../../../avr/lib/avr4\libc.a(eerd_byte_atmega8.o)
                0x00000818                __eerd_byte_m8
 .text.avr-libc
                0x00000828       0x1a c:/winavr/bin/../lib/gcc/avr/4.3.3/../../../../avr/lib/avr4\libc.a(eewr_byte_atmega8.o)
                0x00000828                __eewr_byte_m8
                0x0000082a                __eewr_r18_m8
 .text.avr-libc
                0x00000842       0x16 c:/winavr/bin/../lib/gcc/avr/4.3.3/../../../../avr/lib/avr4\libc.a(strnlen_P.o)
                0x00000842                strnlen_P
 .text.avr-libc
                0x00000858       0x16 c:/winavr/bin/../lib/gcc/avr/4.3.3/../../../../avr/lib/avr4\libc.a(strnlen.o)
                0x00000858                strnlen
 .text.avr-libc
                0x0000086e       0x58 c:/winavr/bin/../lib/gcc/avr/4.3.3/../../../../avr/lib/avr4\libc.a(fputc.o)
                0x0000086e                fputc
 .text.avr-libc
                0x000008c6       0xbc c:/winavr/bin/../lib/gcc/avr/4.3.3/../../../../avr/lib/avr4\libc.a(ultoa_invert.o)
                0x000008c6                __ultoa_invert
 .text.libgcc   0x00000982       0x38 c:/winavr/bin/../lib/gcc/avr/4.3.3/avr4\libgcc.a(_prologue.o)
                0x00000982                __prologue_saves__
 .text.libgcc   0x000009ba       0x36 c:/winavr/bin/../lib/gcc/avr/4.3.3/avr4\libgcc.a(_epilogue.o)
                0x000009ba                __epilogue_restores__
                0x000009f0                . = ALIGN (0x2)
 *(.fini9)
 .fini9         0x000009f0        0x0 c:/winavr/bin/../lib/gcc/avr/4.3.3/avr4\libgcc.a(_exit.o)
                0x000009f0                exit
                0x000009f0                _exit
 *(.fini9)
 *(.fini8)
 *(.fini8)
 *(.fini7)
 *(.fini7)
 *(.fini6)
 *(.fini6)
 *(.fini5)
 *(.fini5)
 *(.fini4)
 *(.fini4)
 *(.fini3)
 *(.fini3)
 *(.fini2)
 *(.fini2)
 *(.fini1)
 *(.fini1)
 *(.fini0)
 .fini0         0x000009f0        0x4 c:/winavr/bin/../lib/gcc/avr/4.3.3/avr4\libgcc.a(_exit.o)
 *(.fini0)
                0x000009f4                _etext = .

.data           0x00800060       0x12 load address 0x000009f4
                0x00800060                PROVIDE (__data_start, .)
 *(.data)
 .data          0x00800060        0x0 c:/winavr/bin/../lib/gcc/avr/4.3.3/../../../../avr/lib/avr4/crtm8.o
 .data          0x00800060       0x12 TempControl.o
 .data          0x00800072        0x0 hd44780.o
 .data          0x00800072        0x0 c:/winavr/bin/../lib/gcc/avr/4.3.3/avr4\libgcc.a(_exit.o)
 .data          0x00800072        0x0 c:/winavr/bin/../lib/gcc/avr/4.3.3/avr4\libgcc.a(_copy_data.o)
 .data          0x00800072        0x0 c:/winavr/bin/../lib/gcc/avr/4.3.3/../../../../avr/lib/avr4\libc.a(vsnprintf.o)
 .data          0x00800072        0x0 c:/winavr/bin/../lib/gcc/avr/4.3.3/../../../../avr/lib/avr4\libc.a(vfprintf_std.o)
 .data          0x00800072        0x0 c:/winavr/bin/../lib/gcc/avr/4.3.3/../../../../avr/lib/avr4\libc.a(eerd_byte_atmega8.o)
 .data          0x00800072        0x0 c:/winavr/bin/../lib/gcc/avr/4.3.3/../../../../avr/lib/avr4\libc.a(eewr_byte_atmega8.o)
 .data          0x00800072        0x0 c:/winavr/bin/../lib/gcc/avr/4.3.3/../../../../avr/lib/avr4\libc.a(strnlen_P.o)
 .data          0x00800072        0x0 c:/winavr/bin/../lib/gcc/avr/4.3.3/../../../../avr/lib/avr4\libc.a(strnlen.o)
 .data          0x00800072        0x0 c:/winavr/bin/../lib/gcc/avr/4.3.3/../../../../avr/lib/avr4\libc.a(fputc.o)
 .data          0x00800072        0x0 c:/winavr/bin/../lib/gcc/avr/4.3.3/../../../../avr/lib/avr4\libc.a(ultoa_invert.o)
 .data          0x00800072        0x0 c:/winavr/bin/../lib/gcc/avr/4.3.3/avr4\libgcc.a(_prologue.o)
 .data          0x00800072        0x0 c:/winavr/bin/../lib/gcc/avr/4.3.3/avr4\libgcc.a(_epilogue.o)
 *(.data*)
 *(.rodata)
 *(.rodata*)
 *(.gnu.linkonce.d*)
                0x00800072                . = ALIGN (0x2)
                0x00800072                _edata = .
                0x00800072                PROVIDE (__data_end, .)

.bss            0x00800072        0x0
                0x00800072                PROVIDE (__bss_start, .)
 *(.bss)
 .bss           0x00800072        0x0 c:/winavr/bin/../lib/gcc/avr/4.3.3/../../../../avr/lib/avr4/crtm8.o
 .bss           0x00800072        0x0 TempControl.o
 .bss           0x00800072        0x0 hd44780.o
 .bss           0x00800072        0x0 c:/winavr/bin/../lib/gcc/avr/4.3.3/avr4\libgcc.a(_exit.o)
 .bss           0x00800072        0x0 c:/winavr/bin/../lib/gcc/avr/4.3.3/avr4\libgcc.a(_copy_data.o)
 .bss           0x00800072        0x0 c:/winavr/bin/../lib/gcc/avr/4.3.3/../../../../avr/lib/avr4\libc.a(vsnprintf.o)
 .bss           0x00800072        0x0 c:/winavr/bin/../lib/gcc/avr/4.3.3/../../../../avr/lib/avr4\libc.a(vfprintf_std.o)
 .bss           0x00800072        0x0 c:/winavr/bin/../lib/gcc/avr/4.3.3/../../../../avr/lib/avr4\libc.a(eerd_byte_atmega8.o)
 .bss           0x00800072        0x0 c:/winavr/bin/../lib/gcc/avr/4.3.3/../../../../avr/lib/avr4\libc.a(eewr_byte_atmega8.o)
 .bss           0x00800072        0x0 c:/winavr/bin/../lib/gcc/avr/4.3.3/../../../../avr/lib/avr4\libc.a(strnlen_P.o)
 .bss           0x00800072        0x0 c:/winavr/bin/../lib/gcc/avr/4.3.3/../../../../avr/lib/avr4\libc.a(strnlen.o)
 .bss           0x00800072        0x0 c:/winavr/bin/../lib/gcc/avr/4.3.3/../../../../avr/lib/avr4\libc.a(fputc.o)
 .bss           0x00800072        0x0 c:/winavr/bin/../lib/gcc/avr/4.3.3/../../../../avr/lib/avr4\libc.a(ultoa_invert.o)
 .bss           0x00800072        0x0 c:/winavr/bin/../lib/gcc/avr/4.3.3/avr4\libgcc.a(_prologue.o)
 .bss           0x00800072        0x0 c:/winavr/bin/../lib/gcc/avr/4.3.3/avr4\libgcc.a(_epilogue.o)
 *(.bss*)
 *(COMMON)
                0x00800072                PROVIDE (__bss_end, .)
                0x000009f4                __data_load_start = LOADADDR (.data)
                0x00000a06                __data_load_end = (__data_load_start + SIZEOF (.data))

.noinit         0x00800072        0x0
                0x00800072                PROVIDE (__noinit_start, .)
 *(.noinit*)
                0x00800072                PROVIDE (__noinit_end, .)
                0x00800072                _end = .
                0x00800072                PROVIDE (__heap_start, .)

.eeprom         0x00810000        0x0
 *(.eeprom*)
                0x00810000                __eeprom_end = .

.fuse
 *(.fuse)
 *(.lfuse)
 *(.hfuse)
 *(.efuse)

.lock
 *(.lock*)

.signature
 *(.signature*)

.stab
 *(.stab)

.stabstr
 *(.stabstr)

.stab.excl
 *(.stab.excl)

.stab.exclstr
 *(.stab.exclstr)

.stab.index
 *(.stab.index)

.stab.indexstr
 *(.stab.indexstr)

.comment
 *(.comment)

.debug
 *(.debug)

.line
 *(.line)

.debug_srcinfo
 *(.debug_srcinfo)

.debug_sfnames
 *(.debug_sfnames)

.debug_aranges  0x00000000       0xa0
 *(.debug_aranges)
 .debug_aranges
                0x00000000       0x20 TempControl.o
 .debug_aranges
                0x00000020       0x20 hd44780.o
 .debug_aranges
                0x00000040       0x20 c:/winavr/bin/../lib/gcc/avr/4.3.3/../../../../avr/lib/avr4\libc.a(vsnprintf.o)
 .debug_aranges
                0x00000060       0x20 c:/winavr/bin/../lib/gcc/avr/4.3.3/../../../../avr/lib/avr4\libc.a(vfprintf_std.o)
 .debug_aranges
                0x00000080       0x20 c:/winavr/bin/../lib/gcc/avr/4.3.3/../../../../avr/lib/avr4\libc.a(fputc.o)

.debug_pubnames
                0x00000000      0x183
 *(.debug_pubnames)
 .debug_pubnames
                0x00000000       0x99 TempControl.o
 .debug_pubnames
                0x00000099       0x8f hd44780.o
 .debug_pubnames
                0x00000128       0x20 c:/winavr/bin/../lib/gcc/avr/4.3.3/../../../../avr/lib/avr4\libc.a(vsnprintf.o)
 .debug_pubnames
                0x00000148       0x1f c:/winavr/bin/../lib/gcc/avr/4.3.3/../../../../avr/lib/avr4\libc.a(vfprintf_std.o)
 .debug_pubnames
                0x00000167       0x1c c:/winavr/bin/../lib/gcc/avr/4.3.3/../../../../avr/lib/avr4\libc.a(fputc.o)

.debug_info     0x00000000      0xbbf
 *(.debug_info)
 .debug_info    0x00000000      0x1bb TempControl.o
 .debug_info    0x000001bb      0x37b hd44780.o
 .debug_info    0x00000536      0x1d7 c:/winavr/bin/../lib/gcc/avr/4.3.3/../../../../avr/lib/avr4\libc.a(vsnprintf.o)
 .debug_info    0x0000070d      0x348 c:/winavr/bin/../lib/gcc/avr/4.3.3/../../../../avr/lib/avr4\libc.a(vfprintf_std.o)
 .debug_info    0x00000a55      0x16a c:/winavr/bin/../lib/gcc/avr/4.3.3/../../../../avr/lib/avr4\libc.a(fputc.o)
 *(.gnu.linkonce.wi.*)

.debug_abbrev   0x00000000      0x5a6
 *(.debug_abbrev)
 .debug_abbrev  0x00000000       0xdf TempControl.o
 .debug_abbrev  0x000000df      0x16c hd44780.o
 .debug_abbrev  0x0000024b       0xed c:/winavr/bin/../lib/gcc/avr/4.3.3/../../../../avr/lib/avr4\libc.a(vsnprintf.o)
 .debug_abbrev  0x00000338      0x193 c:/winavr/bin/../lib/gcc/avr/4.3.3/../../../../avr/lib/avr4\libc.a(vfprintf_std.o)
 .debug_abbrev  0x000004cb       0xdb c:/winavr/bin/../lib/gcc/avr/4.3.3/../../../../avr/lib/avr4\libc.a(fputc.o)

.debug_line     0x00000000      0xda7
 *(.debug_line)
 .debug_line    0x00000000      0x30c TempControl.o
 .debug_line    0x0000030c      0x44b hd44780.o
 .debug_line    0x00000757      0x11e c:/winavr/bin/../lib/gcc/avr/4.3.3/../../../../avr/lib/avr4\libc.a(vsnprintf.o)
 .debug_line    0x00000875      0x45b c:/winavr/bin/../lib/gcc/avr/4.3.3/../../../../avr/lib/avr4\libc.a(vfprintf_std.o)
 .debug_line    0x00000cd0       0xd7 c:/winavr/bin/../lib/gcc/avr/4.3.3/../../../../avr/lib/avr4\libc.a(fputc.o)

.debug_frame    0x00000000      0x1b0
 *(.debug_frame)
 .debug_frame   0x00000000       0xa0 TempControl.o
 .debug_frame   0x000000a0       0xb0 hd44780.o
 .debug_frame   0x00000150       0x20 c:/winavr/bin/../lib/gcc/avr/4.3.3/../../../../avr/lib/avr4\libc.a(vsnprintf.o)
 .debug_frame   0x00000170       0x20 c:/winavr/bin/../lib/gcc/avr/4.3.3/../../../../avr/lib/avr4\libc.a(vfprintf_std.o)
 .debug_frame   0x00000190       0x20 c:/winavr/bin/../lib/gcc/avr/4.3.3/../../../../avr/lib/avr4\libc.a(fputc.o)

.debug_str      0x00000000      0x32c
 *(.debug_str)
 .debug_str     0x00000000      0x11c TempControl.o
                                0x156 (size before relaxing)
 .debug_str     0x0000011c      0x10d hd44780.o
                                0x1cd (size before relaxing)
 .debug_str     0x00000229       0x78 c:/winavr/bin/../lib/gcc/avr/4.3.3/../../../../avr/lib/avr4\libc.a(vsnprintf.o)
                                0x121 (size before relaxing)
 .debug_str     0x000002a1       0x69 c:/winavr/bin/../lib/gcc/avr/4.3.3/../../../../avr/lib/avr4\libc.a(vfprintf_std.o)
                                0x160 (size before relaxing)
 .debug_str     0x0000030a       0x22 c:/winavr/bin/../lib/gcc/avr/4.3.3/../../../../avr/lib/avr4\libc.a(fputc.o)
                                 0xf0 (size before relaxing)

.debug_loc      0x00000000      0x644
 *(.debug_loc)
 .debug_loc     0x00000000       0x13 TempControl.o
 .debug_loc     0x00000013      0x116 hd44780.o
 .debug_loc     0x00000129       0x70 c:/winavr/bin/../lib/gcc/avr/4.3.3/../../../../avr/lib/avr4\libc.a(vsnprintf.o)
 .debug_loc     0x00000199      0x44b c:/winavr/bin/../lib/gcc/avr/4.3.3/../../../../avr/lib/avr4\libc.a(vfprintf_std.o)
 .debug_loc     0x000005e4       0x60 c:/winavr/bin/../lib/gcc/avr/4.3.3/../../../../avr/lib/avr4\libc.a(fputc.o)

.debug_macinfo
 *(.debug_macinfo)
OUTPUT(TempControl.elf elf32-avr)
LOAD linker stubs

.debug_ranges   0x00000000       0x60
 .debug_ranges  0x00000000       0x18 c:/winavr/bin/../lib/gcc/avr/4.3.3/../../../../avr/lib/avr4\libc.a(vsnprintf.o)
 .debug_ranges  0x00000018       0x30 c:/winavr/bin/../lib/gcc/avr/4.3.3/../../../../avr/lib/avr4\libc.a(vfprintf_std.o)
 .debug_ranges  0x00000048       0x18 c:/winavr/bin/../lib/gcc/avr/4.3.3/../../../../avr/lib/avr4\libc.a(fputc.o)
